// Jest Snapshot v1, https://goo.gl/fbAQLP

exports[`Helmet 1`] = `
<Provider
  store={
    Object {
      "dispatch": [Function],
      "getState": [Function],
      "reducers": Object {
        "helmet": [Function],
        "routing": [Function],
      },
      "replaceReducer": [Function],
      "subscribe": [Function],
      Symbol(observable): [Function],
    }
  }
>
  <div>
    <Connect(Component)>
      <Component
        dispatch={[Function]}
        helmet={
          Object {
            "link": Array [],
            "title": "Koa React Isomorphic",
          }
        }
      >
        <HelmetWrapper
          defer={true}
          encodeSpecialCharacters={true}
          link={Array []}
          title="Koa React Isomorphic"
        >
          <SideEffect(NullComponent)
            defer={true}
            encodeSpecialCharacters={true}
            link={Array []}
            title="Koa React Isomorphic"
          >
            <NullComponent
              defer={true}
              encodeSpecialCharacters={true}
              link={Array []}
              title="Koa React Isomorphic"
            />
          </SideEffect(NullComponent)>
        </HelmetWrapper>
      </Component>
    </Connect(Component)>
  </div>
</Provider>
`;
