// Jest Snapshot v1, https://goo.gl/fbAQLP

exports[`Component: Todos should render component 1`] = `
<div
  className="container"
>
  <div
    className="row"
  >
    <Component />
    <TodosAdd
      relay={Object {}}
      viewer={
        Object {
          "numberOfTodos": 10,
          "todos": Object {
            "edges": Array [
              Object {
                "node": Object {
                  "complete": false,
                  "id": 1,
                  "text": "Todo 1",
                },
              },
            ],
          },
        }
      }
    />
    <TodosBody
      viewer={
        Object {
          "numberOfTodos": 10,
          "todos": Object {
            "edges": Array [
              Object {
                "node": Object {
                  "complete": false,
                  "id": 1,
                  "text": "Todo 1",
                },
              },
            ],
          },
        }
      }
    />
    <Component />
  </div>
</div>
`;
