// Jest Snapshot v1, https://goo.gl/fbAQLP

exports[`Component: TodosBody should display a list of todos 1`] = `
<TodosBody
  viewer={
    Object {
      "todos": Object {
        "edges": Array [
          Object {
            "node": Object {
              "complete": false,
              "id": 0,
              "text": "Todo 1",
            },
          },
          Object {
            "node": Object {
              "complete": false,
              "id": 1,
              "text": "Todo 2",
            },
          },
          Object {
            "node": Object {
              "complete": false,
              "id": 2,
              "text": "Todo 3",
            },
          },
          Object {
            "node": Object {
              "complete": false,
              "id": 3,
              "text": "Todo 4",
            },
          },
        ],
      },
    }
  }
>
  <div
    className="col-md-12 container"
  >
    <table
      className="table"
    >
      <tbody>
        <tr>
          <td>
            <span>
              1
            </span>
          </td>
          <td>
            <span>
              Todo 1
            </span>
          </td>
          <td>
            <button
              className="btn btn-xs btn-success"
              onClick={[Function]}
              type="button"
            >
              <i
                className="fa fa-check"
              />
            </button>
          </td>
          <td>
            <button
              className="btn btn-xs btn-danger"
              onClick={[Function]}
              type="button"
            >
              <i
                className="fa fa-remove"
              />
            </button>
          </td>
        </tr>
        <tr>
          <td>
            <span>
              2
            </span>
          </td>
          <td>
            <span>
              Todo 2
            </span>
          </td>
          <td>
            <button
              className="btn btn-xs btn-success"
              onClick={[Function]}
              type="button"
            >
              <i
                className="fa fa-check"
              />
            </button>
          </td>
          <td>
            <button
              className="btn btn-xs btn-danger"
              onClick={[Function]}
              type="button"
            >
              <i
                className="fa fa-remove"
              />
            </button>
          </td>
        </tr>
        <tr>
          <td>
            <span>
              3
            </span>
          </td>
          <td>
            <span>
              Todo 3
            </span>
          </td>
          <td>
            <button
              className="btn btn-xs btn-success"
              onClick={[Function]}
              type="button"
            >
              <i
                className="fa fa-check"
              />
            </button>
          </td>
          <td>
            <button
              className="btn btn-xs btn-danger"
              onClick={[Function]}
              type="button"
            >
              <i
                className="fa fa-remove"
              />
            </button>
          </td>
        </tr>
        <tr>
          <td>
            <span>
              4
            </span>
          </td>
          <td>
            <span>
              Todo 4
            </span>
          </td>
          <td>
            <button
              className="btn btn-xs btn-success"
              onClick={[Function]}
              type="button"
            >
              <i
                className="fa fa-check"
              />
            </button>
          </td>
          <td>
            <button
              className="btn btn-xs btn-danger"
              onClick={[Function]}
              type="button"
            >
              <i
                className="fa fa-remove"
              />
            </button>
          </td>
        </tr>
      </tbody>
    </table>
  </div>
</TodosBody>
`;

exports[`Component: TodosBody should render component 1`] = `
<TodosBody
  viewer={
    Object {
      "todos": Object {
        "edges": Array [
          Object {
            "node": Object {
              "complete": false,
              "id": 0,
              "text": "Todo 1",
            },
          },
          Object {
            "node": Object {
              "complete": false,
              "id": 1,
              "text": "Todo 2",
            },
          },
          Object {
            "node": Object {
              "complete": false,
              "id": 2,
              "text": "Todo 3",
            },
          },
          Object {
            "node": Object {
              "complete": false,
              "id": 3,
              "text": "Todo 4",
            },
          },
        ],
      },
    }
  }
>
  <div
    className="col-md-12 container"
  >
    <table
      className="table"
    >
      <tbody>
        <tr>
          <td>
            <span>
              1
            </span>
          </td>
          <td>
            <span>
              Todo 1
            </span>
          </td>
          <td>
            <button
              className="btn btn-xs btn-success"
              onClick={[Function]}
              type="button"
            >
              <i
                className="fa fa-check"
              />
            </button>
          </td>
          <td>
            <button
              className="btn btn-xs btn-danger"
              onClick={[Function]}
              type="button"
            >
              <i
                className="fa fa-remove"
              />
            </button>
          </td>
        </tr>
        <tr>
          <td>
            <span>
              2
            </span>
          </td>
          <td>
            <span>
              Todo 2
            </span>
          </td>
          <td>
            <button
              className="btn btn-xs btn-success"
              onClick={[Function]}
              type="button"
            >
              <i
                className="fa fa-check"
              />
            </button>
          </td>
          <td>
            <button
              className="btn btn-xs btn-danger"
              onClick={[Function]}
              type="button"
            >
              <i
                className="fa fa-remove"
              />
            </button>
          </td>
        </tr>
        <tr>
          <td>
            <span>
              3
            </span>
          </td>
          <td>
            <span>
              Todo 3
            </span>
          </td>
          <td>
            <button
              className="btn btn-xs btn-success"
              onClick={[Function]}
              type="button"
            >
              <i
                className="fa fa-check"
              />
            </button>
          </td>
          <td>
            <button
              className="btn btn-xs btn-danger"
              onClick={[Function]}
              type="button"
            >
              <i
                className="fa fa-remove"
              />
            </button>
          </td>
        </tr>
        <tr>
          <td>
            <span>
              4
            </span>
          </td>
          <td>
            <span>
              Todo 4
            </span>
          </td>
          <td>
            <button
              className="btn btn-xs btn-success"
              onClick={[Function]}
              type="button"
            >
              <i
                className="fa fa-check"
              />
            </button>
          </td>
          <td>
            <button
              className="btn btn-xs btn-danger"
              onClick={[Function]}
              type="button"
            >
              <i
                className="fa fa-remove"
              />
            </button>
          </td>
        </tr>
      </tbody>
    </table>
  </div>
</TodosBody>
`;
